HTTP/1.1 server on http://127.0.0.1:8441
----------------------------------------
Exception occurred during processing of request from ('127.0.0.1', 58750)
Traceback (most recent call last):
  File "C:\Users\Louis\AppData\Local\Python\pythoncore-3.14-64\Lib\socketserver.py", line 697, in process_request_thread
    self.finish_request(request, client_address)
    ~~~~~~~~~~~~~~~~~~~^^^^^^^^^^^^^^^^^^^^^^^^^
  File "C:\Users\Louis\AppData\Local\Python\pythoncore-3.14-64\Lib\socketserver.py", line 362, in finish_request
    self.RequestHandlerClass(request, client_address, self)
    ~~~~~~~~~~~~~~~~~~~~~~~~^^^^^^^^^^^^^^^^^^^^^^^^^^^^^^^
  File "C:\Users\Louis\AppData\Local\Python\pythoncore-3.14-64\Lib\socketserver.py", line 766, in __init__
    self.handle()
    ~~~~~~~~~~~^^
  File "C:\Users\Louis\AppData\Local\Python\pythoncore-3.14-64\Lib\http\server.py", line 498, in handle
    self.handle_one_request()
    ~~~~~~~~~~~~~~~~~~~~~~~^^
  File "C:\Users\Louis\AppData\Local\Python\pythoncore-3.14-64\Lib\http\server.py", line 484, in handle_one_request
    method()
    ~~~~~~^^
  File "D:\workspace\learning\experiments\http-multiplexing\server_http11.py", line 35, in do_GET
    self.wfile.write(body)
    ~~~~~~~~~~~~~~~~^^^^^^
  File "C:\Users\Louis\AppData\Local\Python\pythoncore-3.14-64\Lib\socketserver.py", line 845, in write
    self._sock.sendall(b)
    ~~~~~~~~~~~~~~~~~~^^^
ConnectionAbortedError: [WinError 10053] 你的主机中的软件中止了一个已建立的连接。
----------------------------------------
